Archive member included to satisfy reference by file (symbol)

c:/program files (x86)/atmel/studio/7.0/toolchain/arm/arm-gnu-toolchain/bin/../lib/gcc/arm-none-eabi/6.3.1/../../../../arm-none-eabi/lib/thumb/v7e-m\libc.a(lib_a-exit.o)
                              c:/program files (x86)/atmel/studio/7.0/toolchain/arm/arm-gnu-toolchain/bin/../lib/gcc/arm-none-eabi/6.3.1/../../../../arm-none-eabi/lib/thumb/v7e-m/crt0.o (exit)
c:/program files (x86)/atmel/studio/7.0/toolchain/arm/arm-gnu-toolchain/bin/../lib/gcc/arm-none-eabi/6.3.1/../../../../arm-none-eabi/lib/thumb/v7e-m\libc.a(lib_a-impure.o)
                              c:/program files (x86)/atmel/studio/7.0/toolchain/arm/arm-gnu-toolchain/bin/../lib/gcc/arm-none-eabi/6.3.1/../../../../arm-none-eabi/lib/thumb/v7e-m\libc.a(lib_a-exit.o) (_global_impure_ptr)
c:/program files (x86)/atmel/studio/7.0/toolchain/arm/arm-gnu-toolchain/bin/../lib/gcc/arm-none-eabi/6.3.1/../../../../arm-none-eabi/lib/thumb/v7e-m\libc.a(lib_a-init.o)
                              c:/program files (x86)/atmel/studio/7.0/toolchain/arm/arm-gnu-toolchain/bin/../lib/gcc/arm-none-eabi/6.3.1/../../../../arm-none-eabi/lib/thumb/v7e-m/crt0.o (__libc_init_array)
c:/program files (x86)/atmel/studio/7.0/toolchain/arm/arm-gnu-toolchain/bin/../lib/gcc/arm-none-eabi/6.3.1/../../../../arm-none-eabi/lib/thumb/v7e-m\libc.a(lib_a-memset.o)
                              c:/program files (x86)/atmel/studio/7.0/toolchain/arm/arm-gnu-toolchain/bin/../lib/gcc/arm-none-eabi/6.3.1/../../../../arm-none-eabi/lib/thumb/v7e-m/crt0.o (memset)
c:/program files (x86)/atmel/studio/7.0/toolchain/arm/arm-gnu-toolchain/bin/../lib/gcc/arm-none-eabi/6.3.1/../../../../arm-none-eabi/lib/thumb/v7e-m\libc.a(lib_a-__call_atexit.o)
                              c:/program files (x86)/atmel/studio/7.0/toolchain/arm/arm-gnu-toolchain/bin/../lib/gcc/arm-none-eabi/6.3.1/../../../../arm-none-eabi/lib/thumb/v7e-m\libc.a(lib_a-exit.o) (__call_exitprocs)
c:/program files (x86)/atmel/studio/7.0/toolchain/arm/arm-gnu-toolchain/bin/../lib/gcc/arm-none-eabi/6.3.1/../../../../arm-none-eabi/lib/thumb/v7e-m\libc.a(lib_a-atexit.o)
                              c:/program files (x86)/atmel/studio/7.0/toolchain/arm/arm-gnu-toolchain/bin/../lib/gcc/arm-none-eabi/6.3.1/../../../../arm-none-eabi/lib/thumb/v7e-m\libc.a(lib_a-__call_atexit.o) (atexit)
c:/program files (x86)/atmel/studio/7.0/toolchain/arm/arm-gnu-toolchain/bin/../lib/gcc/arm-none-eabi/6.3.1/../../../../arm-none-eabi/lib/thumb/v7e-m\libc.a(lib_a-fini.o)
                              c:/program files (x86)/atmel/studio/7.0/toolchain/arm/arm-gnu-toolchain/bin/../lib/gcc/arm-none-eabi/6.3.1/../../../../arm-none-eabi/lib/thumb/v7e-m\libc.a(lib_a-__call_atexit.o) (__libc_fini_array)
c:/program files (x86)/atmel/studio/7.0/toolchain/arm/arm-gnu-toolchain/bin/../lib/gcc/arm-none-eabi/6.3.1/../../../../arm-none-eabi/lib/thumb/v7e-m\libc.a(lib_a-lock.o)
                              c:/program files (x86)/atmel/studio/7.0/toolchain/arm/arm-gnu-toolchain/bin/../lib/gcc/arm-none-eabi/6.3.1/../../../../arm-none-eabi/lib/thumb/v7e-m\libc.a(lib_a-__call_atexit.o) (__retarget_lock_acquire_recursive)
c:/program files (x86)/atmel/studio/7.0/toolchain/arm/arm-gnu-toolchain/bin/../lib/gcc/arm-none-eabi/6.3.1/../../../../arm-none-eabi/lib/thumb/v7e-m\libc.a(lib_a-__atexit.o)
                              c:/program files (x86)/atmel/studio/7.0/toolchain/arm/arm-gnu-toolchain/bin/../lib/gcc/arm-none-eabi/6.3.1/../../../../arm-none-eabi/lib/thumb/v7e-m\libc.a(lib_a-atexit.o) (__register_exitproc)

Allocating common symbols
Common symbol       size              file

__lock___atexit_recursive_mutex
                    0x1               c:/program files (x86)/atmel/studio/7.0/toolchain/arm/arm-gnu-toolchain/bin/../lib/gcc/arm-none-eabi/6.3.1/../../../../arm-none-eabi/lib/thumb/v7e-m\libc.a(lib_a-lock.o)
__lock___arc4random_mutex
                    0x1               c:/program files (x86)/atmel/studio/7.0/toolchain/arm/arm-gnu-toolchain/bin/../lib/gcc/arm-none-eabi/6.3.1/../../../../arm-none-eabi/lib/thumb/v7e-m\libc.a(lib_a-lock.o)
__lock___env_recursive_mutex
                    0x1               c:/program files (x86)/atmel/studio/7.0/toolchain/arm/arm-gnu-toolchain/bin/../lib/gcc/arm-none-eabi/6.3.1/../../../../arm-none-eabi/lib/thumb/v7e-m\libc.a(lib_a-lock.o)
__lock___sinit_recursive_mutex
                    0x1               c:/program files (x86)/atmel/studio/7.0/toolchain/arm/arm-gnu-toolchain/bin/../lib/gcc/arm-none-eabi/6.3.1/../../../../arm-none-eabi/lib/thumb/v7e-m\libc.a(lib_a-lock.o)
__lock___malloc_recursive_mutex
                    0x1               c:/program files (x86)/atmel/studio/7.0/toolchain/arm/arm-gnu-toolchain/bin/../lib/gcc/arm-none-eabi/6.3.1/../../../../arm-none-eabi/lib/thumb/v7e-m\libc.a(lib_a-lock.o)
__lock___at_quick_exit_mutex
[...]
Memory Configuration

Name             Origin             Length             Attributes
rom              0x00400000         0x00080000         xr
ram              0x20000000         0x00020000         xrw
*default*        0x00000000         0xffffffff

Linker script and memory map

LOAD c:/program files (x86)/atmel/studio/7.0/toolchain/arm/arm-gnu-toolchain/bin/../lib/gcc/arm-none-eabi/6.3.1/thumb/v7e-m/crti.o
LOAD c:/program files (x86)/atmel/studio/7.0/toolchain/arm/arm-gnu-toolchain/bin/../lib/gcc/arm-none-eabi/6.3.1/thumb/v7e-m/crtbegin.o
LOAD c:/program files (x86)/atmel/studio/7.0/toolchain/arm/arm-gnu-toolchain/bin/../lib/gcc/arm-none-eabi/6.3.1/../../../../arm-none-eabi/lib/thumb/v7e-m/crt0.o
LOAD Device_Startup/startup_sam4e.o
LOAD Device_Startup/system_sam4e.o
LOAD main.o
LOAD src/ASF/sam/utils/syscalls/gcc/syscalls.o
LOAD src/ASF/common/utils/interrupt/interrupt_sam_nvic.o
LOAD src/ASF/sam/drivers/can/can.o
START GROUP
LOAD ../src/ASF/thirdparty/CMSIS/Lib/GCC\libarm_cortexM4lf_math_softfp.a
LOAD c:/program files (x86)/atmel/studio/7.0/toolchain/arm/arm-gnu-toolchain/bin/../lib/gcc/arm-none-eabi/6.3.1/../../../../arm-none-eabi/lib/thumb/v7e-m\libm.a
END GROUP
START GROUP
LOAD c:/program files (x86)/atmel/studio/7.0/toolchain/arm/arm-gnu-toolchain/bin/../lib/gcc/arm-none-eabi/6.3.1/thumb/v7e-m\libgcc.a
LOAD c:/program files (x86)/atmel/studio/7.0/toolchain/arm/arm-gnu-toolchain/bin/../lib/gcc/arm-none-eabi/6.3.1/../../../../arm-none-eabi/lib/thumb/v7e-m\libc.a
END GROUP
LOAD c:/program files (x86)/atmel/studio/7.0/toolchain/arm/arm-gnu-toolchain/bin/../lib/gcc/arm-none-eabi/6.3.1/thumb/v7e-m/crtend.o
LOAD c:/program files (x86)/atmel/studio/7.0/toolchain/arm/arm-gnu-toolchain/bin/../lib/gcc/arm-none-eabi/6.3.1/thumb/v7e-m/crtn.o
                0x00003000                STACK_SIZE = DEFINED (STACK_SIZE)?STACK_SIZE:0x3000

.text           0x00400000      0x414
                0x00400000                . = ALIGN (0x4)
                0x00400000                _sfixed = .
 *(.vectors .vectors.*)
 .vectors       0x00400000       0xf8 Device_Startup/startup_sam4e.o
                0x00400000                exception_table
 *(.text .text.* .gnu.linkonce.t.*)
 .text          0x004000f8       0x6c c:/program files (x86)/atmel/studio/7.0/toolchain/arm/arm-gnu-toolchain/bin/../lib/gcc/arm-none-eabi/6.3.1/thumb/v7e-m/crtbegin.o
 .text.Dummy_Handler
                0x00400164        0x2 Device_Startup/startup_sam4e.o
                0x00400164                DACC_Handler
                0x00400164                DebugMon_Handler
                0x00400164                DMAC_Handler
                0x00400164                HardFault_Handler
                0x00400164                TC2_Handler
                0x00400164                SPI_Handler
                0x00400164                SysTick_Handler
                0x00400164                TWI1_Handler
                0x00400164                AFEC1_Handler
                0x00400164                PendSV_Handler
                0x00400164                NMI_Handler
                0x00400164                TC7_Handler
                0x00400164                USART0_Handler
                0x00400164                RTT_Handler
                0x00400164                PIOB_Handler
                0x00400164                RTC_Handler
                0x00400164                UsageFault_Handler
                0x00400164                TC6_Handler
                0x00400164                WDT_Handler
                0x00400164                CAN0_Handler
                0x00400164                TC4_Handler
                0x00400164                TC1_Handler
                0x00400164                HSMCI_Handler
                0x00400164                UART1_Handler
                0x00400164                TC3_Handler
                0x00400164                ARM_Handler
                0x00400164                Dummy_Handler
                0x00400164                TWI0_Handler
                0x00400164                USART1_Handler
                0x00400164                PIOA_Handler
                0x00400164                AFEC0_Handler
                0x00400164                ACC_Handler
                0x00400164                PMC_Handler
                0x00400164                PWM_Handler
                0x00400164                GMAC_Handler
                0x00400164                CAN1_Handler
                0x00400164                MemManage_Handler
                0x00400164                SUPC_Handler
                0x00400164                SVC_Handler
                0x00400164                TC8_Handler
                0x00400164                EFC_Handler
                0x00400164                PIOE_Handler
                0x00400164                PIOD_Handler
                0x00400164                UART0_Handler
                0x00400164                PIOC_Handler
                0x00400164                UDP_Handler
                0x00400164                BusFault_Handler
                0x00400164                RSTC_Handler
                0x00400164                TC0_Handler
                0x00400164                TC5_Handler
                0x00400164                AES_Handler
 *fill*         0x00400166        0x2 
 .text.Reset_Handler
                0x00400168       0x68 Device_Startup/startup_sam4e.o
                0x00400168                Reset_Handler
 .text.SystemInit
                0x004001d0       0xa0 Device_Startup/system_sam4e.o
                0x004001d0                SystemInit
 .text.main     0x00400270        0xc main.o
                0x00400270                main
 .text.__libc_init_array
                0x0040027c       0x50 c:/program files (x86)/atmel/studio/7.0/toolchain/arm/arm-gnu-toolchain/bin/../lib/gcc/arm-none-eabi/6.3.1/../../../../arm-none-eabi/lib/thumb/v7e-m\libc.a(lib_a-init.o)
                0x0040027c                __libc_init_array
 .text.startup.register_fini
                0x004002cc       0x14 c:/program files (x86)/atmel/studio/7.0/toolchain/arm/arm-gnu-toolchain/bin/../lib/gcc/arm-none-eabi/6.3.1/../../../../arm-none-eabi/lib/thumb/v7e-m\libc.a(lib_a-__call_atexit.o)
 .text.atexit   0x004002e0        0xc c:/program files (x86)/atmel/studio/7.0/toolchain/arm/arm-gnu-toolchain/bin/../lib/gcc/arm-none-eabi/6.3.1/../../../../arm-none-eabi/lib/thumb/v7e-m\libc.a(lib_a-atexit.o)
                0x004002e0                atexit
 .text.__libc_fini_array
                0x004002ec       0x34 c:/program files (x86)/atmel/studio/7.0/toolchain/arm/arm-gnu-toolchain/bin/../lib/gcc/arm-none-eabi/6.3.1/../../../../arm-none-eabi/lib/thumb/v7e-m\libc.a(lib_a-fini.o)
                0x004002ec                __libc_fini_array
 .text.__retarget_lock_acquire_recursive
                0x00400320        0x4 c:/program files (x86)/atmel/studio/7.0/toolchain/arm/arm-gnu-toolchain/bin/../lib/gcc/arm-none-eabi/6.3.1/../../../../arm-none-eabi/lib/thumb/v7e-m\libc.a(lib_a-lock.o)
                0x00400320                __retarget_lock_acquire_recursive
 .text.__retarget_lock_release_recursive
                0x00400324        0x4 c:/program files (x86)/atmel/studio/7.0/toolchain/arm/arm-gnu-toolchain/bin/../lib/gcc/arm-none-eabi/6.3.1/../../../../arm-none-eabi/lib/thumb/v7e-m\libc.a(lib_a-lock.o)
                0x00400324                __retarget_lock_release_recursive
 .text.__register_exitproc
                0x00400328       0xc4 c:/program files (x86)/atmel/studio/7.0/toolchain/arm/arm-gnu-toolchain/bin/../lib/gcc/arm-none-eabi/6.3.1/../../../../arm-none-eabi/lib/thumb/v7e-m\libc.a(lib_a-__atexit.o)
                0x00400328                __register_exitproc
 *(.glue_7t)
 .glue_7t       0x004003ec        0x0 linker stubs
 *(.glue_7)
 .glue_7        0x004003ec        0x0 linker stubs
 *(.rodata .rodata* .gnu.linkonce.r.*)
 .rodata._global_impure_ptr
                0x004003ec        0x4 c:/program files (x86)/atmel/studio/7.0/toolchain/arm/arm-gnu-toolchain/bin/../lib/gcc/arm-none-eabi/6.3.1/../../../../arm-none-eabi/lib/thumb/v7e-m\libc.a(lib_a-impure.o)
                0x004003ec                _global_impure_ptr
 *(.ARM.extab* .gnu.linkonce.armextab.*)
                0x004003f0                . = ALIGN (0x4)
 *(.init)
 .init          0x004003f0        0x4 c:/program files (x86)/atmel/studio/7.0/toolchain/arm/arm-gnu-toolchain/bin/../lib/gcc/arm-none-eabi/6.3.1/thumb/v7e-m/crti.o
                0x004003f0                _init
 .init          0x004003f4        0x8 c:/program files (x86)/atmel/studio/7.0/toolchain/arm/arm-gnu-toolchain/bin/../lib/gcc/arm-none-eabi/6.3.1/thumb/v7e-m/crtn.o
                0x004003fc                . = ALIGN (0x4)
                0x004003fc                __preinit_array_start = .
 *(.preinit_array)
                0x004003fc                __preinit_array_end = .
                0x004003fc                . = ALIGN (0x4)
                0x004003fc                __init_array_start = .
 *(SORT(.init_array.*))
 .init_array.00000
                0x004003fc        0x4 c:/program files (x86)/atmel/studio/7.0/toolchain/arm/arm-gnu-toolchain/bin/../lib/gcc/arm-none-eabi/6.3.1/../../../../arm-none-eabi/lib/thumb/v7e-m\libc.a(lib_a-__call_atexit.o)
 *(.init_array)
 .init_array    0x00400400        0x4 c:/program files (x86)/atmel/studio/7.0/toolchain/arm/arm-gnu-toolchain/bin/../lib/gcc/arm-none-eabi/6.3.1/thumb/v7e-m/crtbegin.o
                0x00400404                __init_array_end = .
                0x00400404                . = ALIGN (0x4)
 *crtbegin.o(.ctors)
 *(EXCLUDE_FILE(*crtend.o) .ctors)
 *(SORT(.ctors.*))
 *crtend.o(.ctors)
                0x00400404                . = ALIGN (0x4)
 *(.fini)
 .fini          0x00400404        0x4 c:/program files (x86)/atmel/studio/7.0/toolchain/arm/arm-gnu-toolchain/bin/../lib/gcc/arm-none-eabi/6.3.1/thumb/v7e-m/crti.o
                0x00400404                _fini
 .fini          0x00400408        0x8 c:/program files (x86)/atmel/studio/7.0/toolchain/arm/arm-gnu-toolchain/bin/../lib/gcc/arm-none-eabi/6.3.1/thumb/v7e-m/crtn.o
                0x00400410                . = ALIGN (0x4)
                0x00400410                __fini_array_start = .
 *(.fini_array)
 .fini_array    0x00400410        0x4 c:/program files (x86)/atmel/studio/7.0/toolchain/arm/arm-gnu-toolchain/bin/../lib/gcc/arm-none-eabi/6.3.1/thumb/v7e-m/crtbegin.o
 *(SORT(.fini_array.*))
                0x00400414                __fini_array_end = .
 *crtbegin.o(.dtors)
 *(EXCLUDE_FILE(*crtend.o) .dtors)
 *(SORT(.dtors.*))
 *crtend.o(.dtors)
                0x00400414                . = ALIGN (0x4)
                0x00400414                _efixed = .
                [!provide]                PROVIDE (__exidx_start, .)

.vfp11_veneer   0x00400414        0x0
 .vfp11_veneer  0x00400414        0x0 linker stubs

.v4_bx          0x00400414        0x0
 .v4_bx         0x00400414        0x0 linker stubs

.iplt           0x00400414        0x0
 .iplt          0x00400414        0x0 c:/program files (x86)/atmel/studio/7.0/toolchain/arm/arm-gnu-toolchain/bin/../lib/gcc/arm-none-eabi/6.3.1/thumb/v7e-m/crtbegin.o

.eh_frame       0x00400414        0x0
 .eh_frame      0x00400414        0x0 c:/program files (x86)/atmel/studio/7.0/toolchain/arm/arm-gnu-toolchain/bin/../lib/gcc/arm-none-eabi/6.3.1/thumb/v7e-m/crtbegin.o

.rel.dyn        0x00400414        0x0
 .rel.iplt      0x00400414        0x0 c:/program files (x86)/atmel/studio/7.0/toolchain/arm/arm-gnu-toolchain/bin/../lib/gcc/arm-none-eabi/6.3.1/thumb/v7e-m/crtbegin.o

.jcr            0x00400414        0x0
 .jcr           0x00400414        0x0 c:/program files (x86)/atmel/studio/7.0/toolchain/arm/arm-gnu-toolchain/bin/../lib/gcc/arm-none-eabi/6.3.1/thumb/v7e-m/crtbegin.o

.igot.plt       0x00400414        0x0
 .igot.plt      0x00400414        0x0 c:/program files (x86)/atmel/studio/7.0/toolchain/arm/arm-gnu-toolchain/bin/../lib/gcc/arm-none-eabi/6.3.1/thumb/v7e-m/crtbegin.o

.ARM.exidx
 *(.ARM.exidx* .gnu.linkonce.armexidx.*)
                [!provide]                PROVIDE (__exidx_end, .)
                0x00400414                . = ALIGN (0x4)
                0x00400414                _etext = .

.relocate       0x20000000      0x434 load address 0x00400414
                0x20000000                . = ALIGN (0x4)
                0x20000000                _srelocate = .
 *(.ramfunc .ramfunc.*)
 *(.data .data.*)
 .data          0x20000000        0x4 Device_Startup/system_sam4e.o
                0x20000000                SystemCoreClock
 *fill*         0x20000004        0x4 
 .data.impure_data
                0x20000008      0x428 c:/program files (x86)/atmel/studio/7.0/toolchain/arm/arm-gnu-toolchain/bin/../lib/gcc/arm-none-eabi/6.3.1/../../../../arm-none-eabi/lib/thumb/v7e-m\libc.a(lib_a-impure.o)
 .data.__atexit_recursive_mutex
                0x20000430        0x4 c:/program files (x86)/atmel/studio/7.0/toolchain/arm/arm-gnu-toolchain/bin/../lib/gcc/arm-none-eabi/6.3.1/../../../../arm-none-eabi/lib/thumb/v7e-m\libc.a(lib_a-__call_atexit.o)
                0x20000430                __atexit_recursive_mutex
                0x20000434                . = ALIGN (0x4)
                0x20000434                _erelocate = .

.bss            0x20000434       0x40 load address 0x00400848
                0x20000434                . = ALIGN (0x4)
                0x20000434                _sbss = .
                0x20000434                _szero = .
 *(.bss .bss.*)
 .bss           0x20000434       0x1c c:/program files (x86)/atmel/studio/7.0/toolchain/arm/arm-gnu-toolchain/bin/../lib/gcc/arm-none-eabi/6.3.1/thumb/v7e-m/crtbegin.o
 *(COMMON)
 COMMON         0x20000450       0x21 c:/program files (x86)/atmel/studio/7.0/toolchain/arm/arm-gnu-toolchain/bin/../lib/gcc/arm-none-eabi/6.3.1/../../../../arm-none-eabi/lib/thumb/v7e-m\libc.a(lib_a-lock.o)
                0x20000450                __lock___atexit_recursive_mutex
                0x20000454                __lock___arc4random_mutex
                0x20000458                __lock___env_recursive_mutex
                0x2000045c                __lock___sinit_recursive_mutex
                0x20000460                __lock___malloc_recursive_mutex
                0x20000464                __lock___at_quick_exit_mutex
                0x20000468                __lock___dd_hash_mutex
                0x2000046c                __lock___tz_mutex
                0x20000470                __lock___sfp_recursive_mutex
                0x20000474                . = ALIGN (0x4)
 *fill*         0x20000471        0x3 
                0x20000474                _ebss = .
                0x20000474                _ezero = .

.stack          0x20000474     0x3004 load address 0x00400888
                0x20000478                . = ALIGN (0x8)
 *fill*         0x20000474        0x4 
                0x20000478                _sstack = .
                0x20003478                . = (. + STACK_SIZE)
 *fill*         0x20000478     0x3000 
                0x20003478                . = ALIGN (0x8)
                0x20003478                _estack = .
                0x20003478                . = ALIGN (0x4)
                0x20003478                _end = .
OUTPUT(GccApplication1.elf elf32-littlearm)

.ARM.attributes
                0x00000000       0x2a
 .ARM.attributes
                0x00000000       0x1e c:/program files (x86)/atmel/studio/7.0/toolchain/arm/arm-gnu-toolchain/bin/../lib/gcc/arm-none-eabi/6.3.1/thumb/v7e-m/crti.o
 .ARM.attributes
                0x0000001e       0x2e c:/program files (x86)/atmel/studio/7.0/toolchain/arm/arm-gnu-toolchain/bin/../lib/gcc/arm-none-eabi/6.3.1/thumb/v7e-m/crtbegin.o
 .ARM.attributes
                0x0000004c       0x33 Device_Startup/startup_sam4e.o
 .ARM.attributes
                0x0000007f       0x33 Device_Startup/system_sam4e.o
 .ARM.attributes
                0x000000b2       0x33 main.o
 .ARM.attributes
                0x000000e5       0x2e c:/program files (x86)/atmel/studio/7.0/toolchain/arm/arm-gnu-toolchain/bin/../lib/gcc/arm-none-eabi/6.3.1/../../../../arm-none-eabi/lib/thumb/v7e-m\libc.a(lib_a-impure.o)
 .ARM.attributes
                0x00000113       0x2e c:/program files (x86)/atmel/studio/7.0/toolchain/arm/arm-gnu-toolchain/bin/../lib/gcc/arm-none-eabi/6.3.1/../../../../arm-none-eabi/lib/thumb/v7e-m\libc.a(lib_a-init.o)
 .ARM.attributes
                0x00000141       0x2e c:/program files (x86)/atmel/studio/7.0/toolchain/arm/arm-gnu-toolchain/bin/../lib/gcc/arm-none-eabi/6.3.1/../../../../arm-none-eabi/lib/thumb/v7e-m\libc.a(lib_a-__call_atexit.o)
 .ARM.attributes
                0x0000016f       0x2e c:/program files (x86)/atmel/studio/7.0/toolchain/arm/arm-gnu-toolchain/bin/../lib/gcc/arm-none-eabi/6.3.1/../../../../arm-none-eabi/lib/thumb/v7e-m\libc.a(lib_a-atexit.o)
 .ARM.attributes
                0x0000019d       0x2e c:/program files (x86)/atmel/studio/7.0/toolchain/arm/arm-gnu-toolchain/bin/../lib/gcc/arm-none-eabi/6.3.1/../../../../arm-none-eabi/lib/thumb/v7e-m\libc.a(lib_a-fini.o)
 .ARM.attributes
                0x000001cb       0x2e c:/program files (x86)/atmel/studio/7.0/toolchain/arm/arm-gnu-toolchain/bin/../lib/gcc/arm-none-eabi/6.3.1/../../../../arm-none-eabi/lib/thumb/v7e-m\libc.a(lib_a-lock.o)
 .ARM.attributes
                0x000001f9       0x2e c:/program files (x86)/atmel/studio/7.0/toolchain/arm/arm-gnu-toolchain/bin/../lib/gcc/arm-none-eabi/6.3.1/../../../../arm-none-eabi/lib/thumb/v7e-m\libc.a(lib_a-__atexit.o)
 .ARM.attributes
                0x00000227       0x1e c:/program files (x86)/atmel/studio/7.0/toolchain/arm/arm-gnu-toolchain/bin/../lib/gcc/arm-none-eabi/6.3.1/thumb/v7e-m/crtn.o

.comment        0x00000000       0x59
 .comment       0x00000000       0x59 Device_Startup/startup_sam4e.o
                                 0x5a (size before relaxing)
 .comment       0x00000059       0x5a Device_Startup/system_sam4e.o
 .comment       0x00000059       0x5a main.o

.debug_info     0x00000000      0xcdd
 .debug_info    0x00000000      0x75e Device_Startup/startup_sam4e.o
 .debug_info    0x0000075e      0x483 Device_Startup/system_sam4e.o
 .debug_info    0x00000be1       0xfc main.o

.debug_abbrev   0x00000000      0x2f3
 .debug_abbrev  0x00000000      0x153 Device_Startup/startup_sam4e.o
 .debug_abbrev  0x00000153      0x102 Device_Startup/system_sam4e.o
 .debug_abbrev  0x00000255       0x9e main.o

.debug_loc      0x00000000       0x98
 .debug_loc     0x00000000       0x78 Device_Startup/startup_sam4e.o
 .debug_loc     0x00000078       0x20 main.o

.debug_aranges  0x00000000       0x78
 .debug_aranges
                0x00000000       0x28 Device_Startup/startup_sam4e.o
 .debug_aranges
                0x00000028       0x30 Device_Startup/system_sam4e.o
 .debug_aranges
                0x00000058       0x20 main.o

.debug_ranges   0x00000000       0x48
 .debug_ranges  0x00000000       0x18 Device_Startup/startup_sam4e.o
 .debug_ranges  0x00000018       0x20 Device_Startup/system_sam4e.o
 .debug_ranges  0x00000038       0x10 main.o

.debug_macro    0x00000000     0xf2a3
 .debug_macro   0x00000000      0x375 Device_Startup/startup_sam4e.o
 .debug_macro   0x00000375      0x8c2 Device_Startup/startup_sam4e.o
 .debug_macro   0x00000c37       0x22 Device_Startup/startup_sam4e.o
 .debug_macro   0x00000c59       0x87 Device_Startup/startup_sam4e.o
 .debug_macro   0x00000ce0       0x51 Device_Startup/startup_sam4e.o
 .debug_macro   0x00000d31       0xef Device_Startup/startup_sam4e.o
 .debug_macro   0x00000e20       0x6a Device_Startup/startup_sam4e.o
 .debug_macro   0x00000e8a      0x1df Device_Startup/startup_sam4e.o
 .debug_macro   0x00001069       0x27 Device_Startup/startup_sam4e.o
 .debug_macro   0x00001090       0x1c Device_Startup/startup_sam4e.o
 .debug_macro   0x000010ac       0x22 Device_Startup/startup_sam4e.o
 .debug_macro   0x000010ce       0xdf Device_Startup/startup_sam4e.o
 .debug_macro   0x000011ad      0xf07 Device_Startup/startup_sam4e.o
 .debug_macro   0x000020b4      0x154 Device_Startup/startup_sam4e.o
 .debug_macro   0x00002208      0x1f7 Device_Startup/startup_sam4e.o
 .debug_macro   0x000023ff      0xdb5 Device_Startup/startup_sam4e.o
 .debug_macro   0x000031b4      0x531 Device_Startup/startup_sam4e.o
 .debug_macro   0x000036e5      0x2bb Device_Startup/startup_sam4e.o
 .debug_macro   0x000039a0      0x11e Device_Startup/startup_sam4e.o
 .debug_macro   0x00003abe       0xac Device_Startup/startup_sam4e.o
 .debug_macro   0x00003b6a      0x320 Device_Startup/startup_sam4e.o
 .debug_macro   0x00003e8a      0x53c Device_Startup/startup_sam4e.o
 .debug_macro   0x000043c6      0x106 Device_Startup/startup_sam4e.o
 .debug_macro   0x000044cc      0xa97 Device_Startup/startup_sam4e.o
 .debug_macro   0x00004f63       0x1c Device_Startup/startup_sam4e.o
 .debug_macro   0x00004f7f      0x755 Device_Startup/startup_sam4e.o
 .debug_macro   0x000056d4      0x23c Device_Startup/startup_sam4e.o
 .debug_macro   0x00005910       0xbe Device_Startup/startup_sam4e.o
 .debug_macro   0x000059ce     0x28ac Device_Startup/startup_sam4e.o
 .debug_macro   0x0000827a      0x7af Device_Startup/startup_sam4e.o
 .debug_macro   0x00008a29      0xb74 Device_Startup/startup_sam4e.o
 .debug_macro   0x0000959d       0x7c Device_Startup/startup_sam4e.o
 .debug_macro   0x00009619      0x3cb Device_Startup/startup_sam4e.o
 .debug_macro   0x000099e4       0x64 Device_Startup/startup_sam4e.o
 .debug_macro   0x00009a48      0x378 Device_Startup/startup_sam4e.o
 .debug_macro   0x00009dc0      0x6f8 Device_Startup/startup_sam4e.o
 .debug_macro   0x0000a4b8      0x6da Device_Startup/startup_sam4e.o
 .debug_macro   0x0000ab92      0x373 Device_Startup/startup_sam4e.o
 .debug_macro   0x0000af05      0x27e Device_Startup/startup_sam4e.o
 .debug_macro   0x0000b183      0x2c8 Device_Startup/startup_sam4e.o
 .debug_macro   0x0000b44b      0x6ad Device_Startup/startup_sam4e.o
 .debug_macro   0x0000baf8       0x76 Device_Startup/startup_sam4e.o
 .debug_macro   0x0000bb6e      0x336 Device_Startup/startup_sam4e.o
 .debug_macro   0x0000bea4       0x46 Device_Startup/startup_sam4e.o
 .debug_macro   0x0000beea      0x216 Device_Startup/startup_sam4e.o
 .debug_macro   0x0000c100      0x216 Device_Startup/startup_sam4e.o
 .debug_macro   0x0000c316      0x286 Device_Startup/startup_sam4e.o
 .debug_macro   0x0000c59c       0x64 Device_Startup/startup_sam4e.o
 .debug_macro   0x0000c600       0x7c Device_Startup/startup_sam4e.o
 .debug_macro   0x0000c67c       0xb8 Device_Startup/startup_sam4e.o
 .debug_macro   0x0000c734       0x52 Device_Startup/startup_sam4e.o
 .debug_macro   0x0000c786       0x88 Device_Startup/startup_sam4e.o
 .debug_macro   0x0000c80e      0x1b6 Device_Startup/startup_sam4e.o
 .debug_macro   0x0000c9c4      0x1b6 Device_Startup/startup_sam4e.o
 .debug_macro   0x0000cb7a      0x126 Device_Startup/startup_sam4e.o
 .debug_macro   0x0000cca0       0xac Device_Startup/startup_sam4e.o
 .debug_macro   0x0000cd4c       0xac Device_Startup/startup_sam4e.o
 .debug_macro   0x0000cdf8       0x94 Device_Startup/startup_sam4e.o
 .debug_macro   0x0000ce8c       0x94 Device_Startup/startup_sam4e.o
 .debug_macro   0x0000cf20       0xca Device_Startup/startup_sam4e.o
 .debug_macro   0x0000cfea       0xca Device_Startup/startup_sam4e.o
 .debug_macro   0x0000d0b4       0x7c Device_Startup/startup_sam4e.o
 .debug_macro   0x0000d130       0x40 Device_Startup/startup_sam4e.o
 .debug_macro   0x0000d170       0xee Device_Startup/startup_sam4e.o
 .debug_macro   0x0000d25e       0x46 Device_Startup/startup_sam4e.o
 .debug_macro   0x0000d2a4       0xee Device_Startup/startup_sam4e.o
 .debug_macro   0x0000d392       0xa0 Device_Startup/startup_sam4e.o
 .debug_macro   0x0000d432       0x7c Device_Startup/startup_sam4e.o
 .debug_macro   0x0000d4ae       0x16 Device_Startup/startup_sam4e.o
 .debug_macro   0x0000d4c4       0x22 Device_Startup/startup_sam4e.o
 .debug_macro   0x0000d4e6      0x18e Device_Startup/startup_sam4e.o
 .debug_macro   0x0000d674      0x15e Device_Startup/startup_sam4e.o
 .debug_macro   0x0000d7d2      0x15e Device_Startup/startup_sam4e.o
 .debug_macro   0x0000d930      0x15e Device_Startup/startup_sam4e.o
 .debug_macro   0x0000da8e      0x15e Device_Startup/startup_sam4e.o
 .debug_macro   0x0000dbec       0x1c Device_Startup/startup_sam4e.o
 .debug_macro   0x0000dc08       0x2e Device_Startup/startup_sam4e.o
 .debug_macro   0x0000dc36       0x22 Device_Startup/startup_sam4e.o
 .debug_macro   0x0000dc58       0x1c Device_Startup/startup_sam4e.o
 .debug_macro   0x0000dc74       0x52 Device_Startup/startup_sam4e.o
 .debug_macro   0x0000dcc6       0x10 Device_Startup/startup_sam4e.o
 .debug_macro   0x0000dcd6      0x2a4 Device_Startup/startup_sam4e.o
 .debug_macro   0x0000df7a      0xb43 Device_Startup/startup_sam4e.o
 .debug_macro   0x0000eabd       0xe4 Device_Startup/startup_sam4e.o
 .debug_macro   0x0000eba1      0x38d Device_Startup/system_sam4e.o
 .debug_macro   0x0000ef2e      0x375 main.o

.debug_line     0x00000000     0x15ff
 .debug_line    0x00000000      0x74a Device_Startup/startup_sam4e.o
 .debug_line    0x0000074a      0x7a5 Device_Startup/system_sam4e.o
 .debug_line    0x00000eef      0x710 main.o

.debug_str      0x00000000    0x46f32
 .debug_str     0x00000000    0x46c1e Device_Startup/startup_sam4e.o
                              0x46e14 (size before relaxing)
 .debug_str     0x00046c1e      0x301 Device_Startup/system_sam4e.o
                              0x46be5 (size before relaxing)
 .debug_str     0x00046f1f       0x13 main.o
                              0x468f4 (size before relaxing)

.debug_frame    0x00000000      0x260
 .debug_frame   0x00000000       0x38 Device_Startup/startup_sam4e.o
 .debug_frame   0x00000038       0x40 Device_Startup/system_sam4e.o
 .debug_frame   0x00000078       0x28 main.o
 .debug_frame   0x000000a0       0x2c c:/program files (x86)/atmel/studio/7.0/toolchain/arm/arm-gnu-toolchain/bin/../lib/gcc/arm-none-eabi/6.3.1/../../../../arm-none-eabi/lib/thumb/v7e-m\libc.a(lib_a-init.o)
 .debug_frame   0x000000cc       0x5c c:/program files (x86)/atmel/studio/7.0/toolchain/arm/arm-gnu-toolchain/bin/../lib/gcc/arm-none-eabi/6.3.1/../../../../arm-none-eabi/lib/thumb/v7e-m\libc.a(lib_a-__call_atexit.o)
 .debug_frame   0x00000128       0x20 c:/program files (x86)/atmel/studio/7.0/toolchain/arm/arm-gnu-toolchain/bin/../lib/gcc/arm-none-eabi/6.3.1/../../../../arm-none-eabi/lib/thumb/v7e-m\libc.a(lib_a-atexit.o)
 .debug_frame   0x00000148       0x34 c:/program files (x86)/atmel/studio/7.0/toolchain/arm/arm-gnu-toolchain/bin/../lib/gcc/arm-none-eabi/6.3.1/../../../../arm-none-eabi/lib/thumb/v7e-m\libc.a(lib_a-fini.o)
 .debug_frame   0x0000017c       0xb0 c:/program files (x86)/atmel/studio/7.0/toolchain/arm/arm-gnu-toolchain/bin/../lib/gcc/arm-none-eabi/6.3.1/../../../../arm-none-eabi/lib/thumb/v7e-m\libc.a(lib_a-lock.o)
 .debug_frame   0x0000022c       0x34 c:/program files (x86)/atmel/studio/7.0/toolchain/arm/arm-gnu-toolchain/bin/../lib/gcc/arm-none-eabi/6.3.1/../../../../arm-none-eabi/lib/thumb/v7e-m\libc.a(lib_a-__atexit.o)
